
Memory Configuration

Name             Origin             Length             Attributes
*default*        0x0000000000000000 0xffffffffffffffff

Linker script and memory map

LOAD /tmp/cc5slf13.o
LOAD /tmp/ccPQ0ca6.o
LOAD /tmp/cchJJrR2.o
                0x0000000000010000                BASE_ADDRESS = 0x10000
                0x0000000000010000                . = BASE_ADDRESS

.text           0x0000000000010000      0x78a
 *(.text.entry)
 *(.text .text.*)
 .text          0x0000000000010000       0x2e /tmp/cc5slf13.o
                0x0000000000010000                main
 .text          0x000000000001002e      0x5d0 /tmp/ccPQ0ca6.o
                0x00000000000104ee                user_printf
                0x0000000000010546                strncat
                0x00000000000105c0                user_strlen
 .text          0x00000000000105fe      0x18c /tmp/cchJJrR2.o
                0x00000000000105fe                user_syscall
                0x0000000000010632                user_yield
                0x0000000000010650                user_get_time
                0x000000000001066e                user_set_trigger
                0x000000000001068c                user_getchar
                0x00000000000106b2                user_fork
                0x00000000000106d4                sys_exec
                0x00000000000106fe                sys_exit
                0x0000000000010726                user_recycle
                0x0000000000010748                delay
                0x0000000000011000                . = ALIGN (0x1000)

.rodata         0x0000000000011000       0xac
 *(.rodata .rodata.*)
 .rodata        0x0000000000011000       0x2c /tmp/cc5slf13.o
 *fill*         0x000000000001102c        0x4 
 .rodata        0x0000000000011030       0x7c /tmp/ccPQ0ca6.o
 *(.srodata .srodata.*)
                0x0000000000012000                . = ALIGN (0x1000)

.data           0x0000000000012000        0x0
 *(.data .data.*)
 .data          0x0000000000012000        0x0 /tmp/cc5slf13.o
 .data          0x0000000000012000        0x0 /tmp/ccPQ0ca6.o
 .data          0x0000000000012000        0x0 /tmp/cchJJrR2.o
 *(.sdata .sdata.*)

.bss            0x0000000000012000      0x3e8
 *(.bss .bss.*)
 .bss           0x0000000000012000        0x0 /tmp/cc5slf13.o
 .bss           0x0000000000012000      0x3e8 /tmp/ccPQ0ca6.o
 .bss           0x00000000000123e8        0x0 /tmp/cchJJrR2.o
 *(.sbss .sbss.*)

/DISCARD/
 *(.eh_frame)
 *(.debug*)
OUTPUT(bin/atest elf64-littleriscv)

.comment        0x0000000000000000        0xf
 .comment       0x0000000000000000        0xf /tmp/cc5slf13.o
                                         0x10 (size before relaxing)
 .comment       0x000000000000000f       0x10 /tmp/ccPQ0ca6.o
 .comment       0x000000000000000f       0x10 /tmp/cchJJrR2.o

.riscv.attributes
                0x0000000000000000       0x53
 .riscv.attributes
                0x0000000000000000       0x53 /tmp/cc5slf13.o
 .riscv.attributes
                0x0000000000000053       0x53 /tmp/ccPQ0ca6.o
 .riscv.attributes
                0x00000000000000a6       0x53 /tmp/cchJJrR2.o
