
Memory Configuration

Name             Origin             Length             Attributes
*default*        0x0000000000000000 0xffffffffffffffff

Linker script and memory map

LOAD /tmp/cc8KjSce.o
LOAD /tmp/cc3ER4Dg.o
LOAD /tmp/cc5x1gWh.o
                0x0000000000010000                BASE_ADDRESS = 0x10000
                0x0000000000010000                . = BASE_ADDRESS

.text           0x0000000000010000      0x78c
 *(.text.entry)
 *(.text .text.*)
 .text          0x0000000000010000       0x30 /tmp/cc8KjSce.o
                0x0000000000010000                main
 .text          0x0000000000010030      0x5d0 /tmp/cc3ER4Dg.o
                0x00000000000104f0                user_printf
                0x0000000000010548                strncat
                0x00000000000105c2                user_strlen
 .text          0x0000000000010600      0x18c /tmp/cc5x1gWh.o
                0x0000000000010600                user_syscall
                0x0000000000010634                user_yield
                0x0000000000010652                user_get_time
                0x0000000000010670                user_set_trigger
                0x000000000001068e                user_getchar
                0x00000000000106b4                user_fork
                0x00000000000106d6                sys_exec
                0x0000000000010700                sys_exit
                0x0000000000010728                user_recycle
                0x000000000001074a                delay
                0x0000000000011000                . = ALIGN (0x1000)

.rodata         0x0000000000011000       0x7c
 *(.rodata .rodata.*)
 .rodata        0x0000000000011000       0x7c /tmp/cc3ER4Dg.o
 *(.srodata .srodata.*)
                0x0000000000012000                . = ALIGN (0x1000)

.data           0x0000000000012000        0x0
 *(.data .data.*)
 .data          0x0000000000012000        0x0 /tmp/cc8KjSce.o
 .data          0x0000000000012000        0x0 /tmp/cc3ER4Dg.o
 .data          0x0000000000012000        0x0 /tmp/cc5x1gWh.o
 *(.sdata .sdata.*)

.bss            0x0000000000012000      0x3e8
 *(.bss .bss.*)
 .bss           0x0000000000012000        0x0 /tmp/cc8KjSce.o
 .bss           0x0000000000012000      0x3e8 /tmp/cc3ER4Dg.o
 .bss           0x00000000000123e8        0x0 /tmp/cc5x1gWh.o
 *(.sbss .sbss.*)

/DISCARD/
 *(.eh_frame)
 *(.debug*)
OUTPUT(bin/time elf64-littleriscv)

.comment        0x0000000000000000        0xf
 .comment       0x0000000000000000        0xf /tmp/cc8KjSce.o
                                         0x10 (size before relaxing)
 .comment       0x000000000000000f       0x10 /tmp/cc3ER4Dg.o
 .comment       0x000000000000000f       0x10 /tmp/cc5x1gWh.o

.riscv.attributes
                0x0000000000000000       0x53
 .riscv.attributes
                0x0000000000000000       0x53 /tmp/cc8KjSce.o
 .riscv.attributes
                0x0000000000000053       0x53 /tmp/cc3ER4Dg.o
 .riscv.attributes
                0x00000000000000a6       0x53 /tmp/cc5x1gWh.o
